﻿[36mvite v6.4.1 [32mbuilding for production...[36m[39m
transforming...
[32mΓ£ô[39m 23 modules transformed.
node.exe : [31mΓ£ù[39m 
Build failed in 1.12s
At line:1 char:1
+ & "C:\Program 
Files\nodejs/node.exe" 
"C:\Program 
Files\nodejs/node_mo ...
+ ~~~~~~~~~~~~~~~~~~~~~~~~
~~~~~~~~~~~~~~~~~~~~~~~~~~
~~~~~~~~~~~~~~~~~~~
    + CategoryInfo        
      : NotSpecified: (  
  [31mΓ£ù[39m Build fa   
 iled in 1.12s:String)    
 [], RemoteException
    + FullyQualifiedError 
   Id : NativeCommandErr  
  or
 
[31merror during build:
[31m[vite:css] [postcss] 
D:/vscode/Task-Management-
System/client/src/styles/i
ndex.css:46:5: The 
`active:bg-danger-700` 
class does not exist. If 
`active:bg-danger-700` is 
a custom class, make sure 
it is defined within a 
`@layer` directive.[31m
file: [36mD:/vscode/Task-
Management-System/client/s
rc/styles/index.css:46:4[
31m
    at Input.error (D:\vsc
ode\Task-Management-System
\client\node_modules\postc
ss\lib\input.js:135:16)
    at AtRule.error (D:\vs
code\Task-Management-Syste
m\client\node_modules\post
css\lib\node.js:146:32)
    at processApply (D:\vs
code\Task-Management-Syste
m\client\node_modules\tail
windcss\lib\lib\expandAppl
yAtRules.js:380:29)
    at D:\vscode\Task-Mana
gement-System\client\node_
modules\tailwindcss\lib\li
b\expandApplyAtRules.js:55
1:9
    at D:\vscode\Task-Mana
gement-System\client\node_
modules\tailwindcss\lib\pr
ocessTailwindFeatures.js:5
5:50
    at async plugins (D:\v
scode\Task-Management-Syst
em\client\node_modules\tai
lwindcss\lib\plugin.js:38:
17)
    at async 
LazyResult.runAsync (D:\vs
code\Task-Management-Syste
m\client\node_modules\post
css\lib\lazy-result.js:293
:11)
    at async runPostCSS (f
ile:///D:/vscode/Task-Mana
gement-System/client/node_
modules/vite/dist/node/chu
nks/dep-D4NMHUTW.js:43853:
21)
    at async 
compilePostCSS (file:///D:
/vscode/Task-Management-Sy
stem/client/node_modules/v
ite/dist/node/chunks/dep-D
4NMHUTW.js:43823:18)
    at async compileCSS (f
ile:///D:/vscode/Task-Mana
gement-System/client/node_
modules/vite/dist/node/chu
nks/dep-D4NMHUTW.js:43678:
27)[39m
